// Jest Snapshot v1, https://goo.gl/fbAQLP

exports[`model evolve produces the expected output in the default scenario after 5 evolutions 1`] = `
Object {
  "critical": Object {
    "0-9": 0,
    "10-19": 0,
    "20-29": 0,
    "30-39": 0,
    "40-49": 0,
    "50-59": 0.019823758359846656,
    "60-69": 0,
    "70-79": 0,
    "80+": 0,
  },
  "dead": Object {
    "0-9": 0,
    "10-19": 0,
    "20-29": 0,
    "30-39": 0,
    "40-49": 0,
    "50-59": 0.0001450844569155264,
    "60-69": 0,
    "70-79": 0,
    "80+": 0,
  },
  "discharged": Object {
    "0-9": 0,
    "10-19": 0,
    "20-29": 0,
    "30-39": 0,
    "40-49": 0,
    "50-59": 0.06055940850640641,
    "60-69": 0,
    "70-79": 0,
    "80+": 0,
  },
  "exposed": Object {
    "0-9": Array [
      6.590001975717845,
      1.8985981171330066,
      0.30181602536614993,
    ],
    "10-19": Array [
      6.217771457685203,
      1.7913622099584854,
      0.28476940256132427,
    ],
    "20-29": Array [
      7.740682663997832,
      2.230097769896796,
      0.3545124559693652,
    ],
    "30-39": Array [
      9.075498661730133,
      2.6146449724862793,
      0.41564152444943586,
    ],
    "40-49": Array [
      8.684128631245459,
      2.5018951622832812,
      0.3977183908975536,
    ],
    "50-59": Array [
      31.811065284155312,
      44.32146633752035,
      48.824328815521056,
    ],
    "60-69": Array [
      7.27770445761503,
      2.0967183569838057,
      0.3333099632431504,
    ],
    "70-79": Array [
      5.601347160092139,
      1.6137765055240836,
      0.2565397116043967,
    ],
    "80+": Array [
      3.4247226060643854,
      0.986712636975201,
      0.15685928250809375,
    ],
  },
  "hospitalized": Object {
    "0-9": 2.3528344669060407e-7,
    "10-19": 6.659848850038047e-7,
    "20-29": 0.0000016581738039417499,
    "30-39": 0.000002916132423333079,
    "40-49": 0.00000744103093235873,
    "50-59": 0.6258903465187386,
    "60-69": 0.000038975123757213304,
    "70-79": 0.00005599687897778692,
    "80+": 0.00006114210085530068,
  },
  "infectious": Object {
    "0-9": 0.025390342892641894,
    "10-19": 0.023956315474252334,
    "20-29": 0.029823369140801824,
    "30-39": 0.03496578129273956,
    "40-49": 0.03345801842198601,
    "50-59": 72.84207071259212,
    "60-69": 0.028039733974134663,
    "70-79": 0.021581525387770334,
    "80+": 0.013196024632719322,
  },
  "intensive": Object {
    "0-9": 0,
    "10-19": 0,
    "20-29": 0,
    "30-39": 0,
    "40-49": 0,
    "50-59": 0.02018646950213547,
    "60-69": 0,
    "70-79": 0,
    "80+": 0,
  },
  "overflow": Object {
    "0-9": 0,
    "10-19": 0,
    "20-29": 0,
    "30-39": 0,
    "40-49": 0,
    "50-59": 0,
    "60-69": 0,
    "70-79": 0,
    "80+": 0,
  },
  "recovered": Object {
    "0-9": 0.00047033160993451755,
    "10-19": 0.00044332393845086603,
    "20-29": 0.0005510664275099748,
    "30-39": 0.0006451132949840179,
    "40-49": 0.0006126448800975354,
    "50-59": 27.61088472434079,
    "60-69": 0.0004806931930056308,
    "70-79": 0.00034398082800640543,
    "80+": 0.00018342630256590206,
  },
  "susceptible": Object {
    "0-9": 19930.183722971997,
    "10-19": 18802.681696624397,
    "20-29": 23415.644331016396,
    "30-39": 27458.858601030617,
    "40-49": 26273.382179711243,
    "50-59": 29528.94432493654,
    "60-69": 22013.263707819864,
    "70-79": 16935.506355119684,
    "80+": 10342.418264881415,
  },
  "time": 1583157600000,
}
`;
